// Jest Snapshot v1, https://goo.gl/fbAQLP

exports[`Home renders correctly 1`] = `
<div
  className="App"
>
  <header
    className="App-header"
  >
    Home Page
  </header>
</div>
`;
